------------------------------------------------------------
TimeQuest Timing Analyzer Summary
------------------------------------------------------------

Type  : Slow 1100mV 85C Model Setup 'KEY[3]'
Slack : -0.163
TNS   : -0.163

Type  : Slow 1100mV 85C Model Hold 'KEY[3]'
Slack : 0.262
TNS   : 0.000

Type  : Slow 1100mV 85C Model Minimum Pulse Width 'KEY[3]'
Slack : -0.394
TNS   : -5.926

Type  : Slow 1100mV 0C Model Setup 'KEY[3]'
Slack : -0.206
TNS   : -0.206

Type  : Slow 1100mV 0C Model Hold 'KEY[3]'
Slack : 0.242
TNS   : 0.000

Type  : Slow 1100mV 0C Model Minimum Pulse Width 'KEY[3]'
Slack : -0.394
TNS   : -5.520

Type  : Fast 1100mV 85C Model Setup 'KEY[3]'
Slack : 0.349
TNS   : 0.000

Type  : Fast 1100mV 85C Model Hold 'KEY[3]'
Slack : 0.152
TNS   : 0.000

Type  : Fast 1100mV 85C Model Minimum Pulse Width 'KEY[3]'
Slack : -0.392
TNS   : -4.329

Type  : Fast 1100mV 0C Model Setup 'KEY[3]'
Slack : 0.365
TNS   : 0.000

Type  : Fast 1100mV 0C Model Hold 'KEY[3]'
Slack : 0.134
TNS   : 0.000

Type  : Fast 1100mV 0C Model Minimum Pulse Width 'KEY[3]'
Slack : -0.431
TNS   : -5.274

------------------------------------------------------------
